C51 COMPILER V9.60.7.0   NAM                                                               03/18/2024 13:19:36 PAGE 1   


C51 COMPILER V9.60.7.0, COMPILATION OF MODULE NAM
OBJECT MODULE PLACED IN .\Objects\nam.obj
COMPILER INVOKED BY: C:\Keil_v5\C51\BIN\C51.EXE nam.c OPTIMIZE(8,SPEED) BROWSE DEBUG OBJECTEXTEND PRINT(.\Listings\nam.l
                    -st) TABS(2) OBJECT(.\Objects\nam.obj)

line level    source

   1          #include<REGX52.H>
   2          // Ðinh nghia pnin
   3          #define LED1 P2_0
   4          #define LED2 P2_1
   5          #define LED3 P2_2
   6          #define LED4 P2_3
   7          
   8          char LED_7_THANH[10]= {0xc0, 0xf9, 0xa4, 0xb0, 0x99, 0x92, 0x82, 0xf8, 0x80, 0x90};
   9          int so=0;
  10          int nghin, tram, chuc, dv;
  11          
  12          // ham con
  13          
  14          void delay_ms(unsigned int t){
  15   1        unsigned int x, y;
  16   1        for(x=0; x<t; x++){
  17   2          for(y=0; y<123; y++);
  18   2        } 
  19   1      }
  20          void hienthi_LEB_7_THANH(int x){
  21   1        // buoc 1: tach cac so hang : donvi, chuc, tram, nghin
  22   1        nghin = x/10000;
  23   1        tram = x%1000/100;
  24   1        chuc = %100/10;
*** ERROR C141 IN LINE 24 OF nam.c: syntax error near '%', expected 'sizeof'
  25   1        dv = x%10;
  26   1        // buoc 2: 
  27   1        LED1= 0;// OFF
  28   1        LED2 0;// OFF
*** ERROR C141 IN LINE 28 OF nam.c: syntax error near '0', expected ';'
  29   1        LED3 0;// OFF
*** ERROR C141 IN LINE 29 OF nam.c: syntax error near '0', expected ';'
  30   1        LED4= 0;// OFF
  31   1        
  32   1        P0 = LED_7_THANH(nghin); LED1=1; delay_ms(2); LED1=0;
*** ERROR C211 IN LINE 32 OF nam.c: call not to a function
*** ERROR C208 IN LINE 32 OF nam.c: 'function': too many actual parameters
  33   1        P0 = LED_7_THANH(tram) ; LED2=1 delay_ms(2); LED2=0;
*** ERROR C211 IN LINE 33 OF nam.c: call not to a function
*** ERROR C208 IN LINE 33 OF nam.c: 'function': too many actual parameters
*** ERROR C141 IN LINE 33 OF nam.c: syntax error near 'delay_ms', expected ';'
  34   1        P0 = LED_7_THANH(chuc) ; LED3=1; delay_ms(2); LED3=0;
*** ERROR C211 IN LINE 34 OF nam.c: call not to a function
*** ERROR C208 IN LINE 34 OF nam.c: 'function': too many actual parameters
  35   1        P0 = LED_7_THANH(dv); LED4=1; delay_ms(2); LED4=0;
*** ERROR C211 IN LINE 35 OF nam.c: call not to a function
*** ERROR C208 IN LINE 35 OF nam.c: 'function': too many actual parameters
  36   1      
  37   1      }
  38          
  39          // ham chinh
  40          void main(){
  41   1      // vi du dung nut nhan de tang/giam
  42   1        while (1){
C51 COMPILER V9.60.7.0   NAM                                                               03/18/2024 13:19:36 PAGE 2   

  43   2          if(P1_0==0){
  44   3            so++;
  45   3            while(P1_0==0){
  46   4      }
  47   3          if(P1_0==0){
  48   4            so--;
  49   4            while(P1_7==0){}
  50   4      }
  51   3          //hien thi bien so
  52   3      hienthi_LED_7_THANH(so);
  53   3      }
  54   2          }

C51 COMPILATION COMPLETE.  0 WARNING(S),  12 ERROR(S)
